Import the BaseGeometry class:
>>> from 7_base_geometry import BaseGeometry

Create an instance of BaseGeometry and test integer_validator:
>>> bg = BaseGeometry()

Validate a correct integer:
>>> bg.integer_validator("my_int", 12)

Validate another correct integer:
>>> bg.integer_validator("width", 89)

Check for type error with a string:
>>> try:
...     bg.integer_validator("name", "John")
... except Exception as e:
...     print("[{}] {}".format(e.__class__.__name__, e))
[TypeError] name must be an integer

Check for value error with zero:
>>> try:
...     bg.integer_validator("age", 0)
... except Exception as e:
...     print("[{}] {}".format(e.__class__.__name__, e))
[ValueError] age must be greater than 0

Check for value error with a negative number:
>>> try:
...     bg.integer_validator("distance", -4)
... except Exception as e:
...     print("[{}] {}".format(e.__class__.__name__, e))
[ValueError] distance must be greater than 0
